// Jest Snapshot v1, https://goo.gl/fbAQLP

exports[`should render correctly 1`] = `
<DocumentFragment>
  .c0 {
  background-color: #FFF;
  height: 100vh;
  max-width: 95%;
  margin: 0 auto;
}

<div
    class="c0"
  >
    <div>
      Child Component
    </div>
  </div>
</DocumentFragment>
`;
