// Jest Snapshot v1, https://goo.gl/fbAQLP

exports[`should render correctly 1`] = `
<DocumentFragment>
  .c0 {
  cursor: wait;
  width: 30px;
  height: 30px;
  border: solid 3px transparent;
  border-left-color: #24292E;
  border-right-color: #24292E;
  border-top-color: #24292E;
  -webkit-animation: rotating 0.5s 0.25s linear infinite;
  animation: rotating 0.5s 0.25s linear infinite;
  border-radius: 50%;
  margin: 0 auto;
}

<div
    class="c0"
  />
</DocumentFragment>
`;
